// Jest Snapshot v1, https://goo.gl/fbAQLP

exports[`Pruebas en el componente <NoteScreen/> debe de mostrarse correctamente 1`] = `
<div
  className="notes__main-content"
>
  <div
    className="notes__appbar"
  >
    <span>
      December 31, 1969 6:00 PM
    </span>
    <input
      id="fileSelector"
      name="file"
      onChange={[Function]}
      style={
        Object {
          "display": "none",
        }
      }
      type="file"
    />
    <div>
      <button
        className="btn"
        onClick={[Function]}
      >
        Picture
      </button>
      <button
        className="btn"
        onClick={[Function]}
      >
        Save
      </button>
    </div>
  </div>
  <div
    className="notes__content"
  >
    <input
      autoComplete="off"
      className="notes__title-input"
      name="title"
      onChange={[Function]}
      placeholder="Something Cool..."
      type="text"
      value="Hola"
    />
    <textarea
      autoComplete="off"
      className="notes__textarea"
      name="body"
      onChange={[Function]}
      placeholder="What's up today?"
      value="Mundo"
    />
  </div>
  <button
    className="btn btn-danger"
    onClick={[Function]}
  >
    Eliminar
  </button>
</div>
`;
